// Jest Snapshot v1, https://goo.gl/fbAQLP

exports[`renders Sidebar correctly `] = `
<div
  className="sidebar"
>

<h3 className="titleList"
>
Utstillingsvalg
</h3>

<h4
className="imgTitleList"
>
Bilde
</h4>

  <ul
    className="list"
  >

  <ListElement text='Rakett' setter=imgProvider.setImgUrl
  />

  <ListElement
  />

  <ListElement
  />
  </ul>


  <ul
    className="list"
  >

 <ListElement text='Rakett' setter=imgProvider.setImgUrl
   />

   <ListElement
   />

   <ListElement
   />

  </ul>


  <ul
    className="list"
  >

  <ListElement text='Rakett' setter=imgProvider.setImgUrl
    />

    <ListElement
    />

    <ListElement
    />

  </ul>

  <Button id={"saveBut"} text={'Lagre favoritt'}
  />

   <Button id={"loadBut"} text={'Hent favoritt'}
   />

`;